2026-05-13 12:38:05,416  INFO      Database ready at 'stocks.db'
2026-05-13 12:38:05,423  INFO      Alert added: AAPL above $200.00
2026-05-13 12:38:05,432  INFO      Alert added: TSLA below $150.00
2026-05-13 12:38:05,438  INFO      Alert added: GOOGL above $180.00
2026-05-13 12:38:05,438  INFO      Tracking: AAPL, TSLA, GOOGL, MSFT  (interval=60s)
2026-05-13 12:38:05,438  INFO      Press Ctrl+C to stop.

2026-05-13 12:38:14,928  INFO      AAPL    $294.87
2026-05-13 12:38:15,017  INFO      Desktop notification sent for AAPL
2026-05-13 12:38:18,031  ERROR     Email send failed: (535, b'5.7.8 Username and Password not accepted. For more information, go to\n5.7.8  https://support.google.com/mail/?p=BadCredentials d2e1a72fcca58-8396563f11csm32393438b3a.3 - gsmtp')
2026-05-13 12:38:18,467  INFO      TSLA    $433.45
2026-05-13 12:38:19,008  INFO      GOOGL   $387.44
2026-05-13 12:38:19,025  INFO      Desktop notification sent for GOOGL
2026-05-13 12:38:21,861  ERROR     Email send failed: (535, b'5.7.8 Username and Password not accepted. For more information, go to\n5.7.8  https://support.google.com/mail/?p=BadCredentials 98e67ed59e1d1-368ac4cfc83sm2694085a91.0 - gsmtp')
2026-05-13 12:38:22,402  INFO      MSFT    $407.76
2026-05-13 12:39:02,502  INFO      Database ready at 'stocks.db'
2026-05-13 12:39:02,506  INFO      Alert added: AAPL above $200.00
2026-05-13 12:39:02,510  INFO      Alert added: TSLA below $150.00
2026-05-13 12:39:02,514  INFO      Alert added: GOOGL above $180.00
2026-05-13 12:39:02,514  INFO      Tracking: AAPL, TSLA, GOOGL, MSFT  (interval=60s)
2026-05-13 12:39:02,514  INFO      Press Ctrl+C to stop.

2026-05-13 12:39:04,143  INFO      AAPL    $294.87
2026-05-13 12:39:04,164  INFO      Desktop notification sent for AAPL
2026-05-13 12:39:06,869  ERROR     Email send failed: (535, b'5.7.8 Username and Password not accepted. For more information, go to\n5.7.8  https://support.google.com/mail/?p=BadCredentials d2e1a72fcca58-839679c80e7sm31878326b3a.31 - gsmtp')
2026-05-13 12:39:07,134  INFO      TSLA    $433.45
2026-05-13 12:39:07,355  INFO      GOOGL   $387.44
2026-05-13 12:39:07,368  INFO      Desktop notification sent for GOOGL
2026-05-13 12:39:10,320  ERROR     Email send failed: (535, b'5.7.8 Username and Password not accepted. For more information, go to\n5.7.8  https://support.google.com/mail/?p=BadCredentials 98e67ed59e1d1-368ed962120sm1972155a91.0 - gsmtp')
2026-05-13 12:39:10,548  INFO      MSFT    $407.76
2026-05-13 12:40:10,784  INFO      AAPL    $294.87
2026-05-13 12:40:10,983  INFO      TSLA    $433.45
2026-05-13 12:40:11,182  INFO      GOOGL   $387.44
2026-05-13 12:40:11,383  INFO      MSFT    $407.76
2026-05-13 12:41:11,678  INFO      AAPL    $294.87
2026-05-13 12:41:12,129  INFO      TSLA    $433.45
2026-05-13 12:41:12,342  INFO      GOOGL   $387.44
2026-05-13 12:41:12,554  INFO      MSFT    $407.76
2026-05-13 12:42:12,856  INFO      AAPL    $294.87
2026-05-13 12:42:13,046  INFO      TSLA    $433.45
2026-05-13 12:42:13,311  INFO      GOOGL   $387.44
2026-05-13 12:42:13,512  INFO      MSFT    $407.76
2026-05-13 12:43:13,811  INFO      AAPL    $294.87
2026-05-13 12:43:14,062  INFO      TSLA    $433.45
2026-05-13 12:43:14,262  INFO      GOOGL   $387.44
2026-05-13 12:43:14,489  INFO      MSFT    $407.76
2026-05-13 12:44:14,703  INFO      AAPL    $294.87
2026-05-13 12:44:14,905  INFO      TSLA    $433.45
2026-05-13 12:44:15,155  INFO      GOOGL   $387.44
2026-05-13 12:44:15,396  INFO      MSFT    $407.76
2026-05-13 12:45:15,698  INFO      AAPL    $294.87
2026-05-13 12:45:15,880  INFO      TSLA    $433.45
2026-05-13 12:45:16,114  INFO      GOOGL   $387.44
2026-05-13 12:45:16,331  INFO      MSFT    $407.76
2026-05-13 12:46:16,525  INFO      AAPL    $294.87
2026-05-13 12:46:16,718  INFO      TSLA    $433.45
2026-05-13 12:46:16,908  INFO      GOOGL   $387.44
2026-05-13 12:46:17,098  INFO      MSFT    $407.76
2026-05-13 12:47:17,330  INFO      AAPL    $294.87
2026-05-13 12:47:17,524  INFO      TSLA    $433.45
2026-05-13 12:47:17,711  INFO      GOOGL   $387.44
2026-05-13 12:47:17,902  INFO      MSFT    $407.76
2026-05-13 12:48:18,116  INFO      AAPL    $294.87
2026-05-13 12:48:18,326  INFO      TSLA    $433.45
2026-05-13 12:48:18,524  INFO      GOOGL   $387.44
2026-05-13 12:48:18,713  INFO      MSFT    $407.76
2026-05-13 12:49:18,969  INFO      AAPL    $294.87
2026-05-13 12:49:19,161  INFO      TSLA    $433.45
2026-05-13 12:49:19,355  INFO      GOOGL   $387.44
2026-05-13 12:49:19,537  INFO      MSFT    $407.76
2026-05-13 12:50:19,779  INFO      AAPL    $294.87
2026-05-13 12:50:19,981  INFO      TSLA    $433.45
2026-05-13 12:50:20,181  INFO      GOOGL   $387.44
2026-05-13 12:50:20,373  INFO      MSFT    $407.76
2026-05-13 12:51:20,708  INFO      AAPL    $294.87
2026-05-13 12:51:20,898  INFO      TSLA    $433.45
2026-05-13 12:51:21,079  INFO      GOOGL   $387.44
2026-05-13 12:51:21,272  INFO      MSFT    $407.76
2026-05-13 12:52:21,492  INFO      AAPL    $294.87
2026-05-13 12:52:21,698  INFO      TSLA    $433.45
2026-05-13 12:52:21,895  INFO      GOOGL   $387.44
2026-05-13 12:52:22,089  INFO      MSFT    $407.76
2026-05-13 12:53:22,321  INFO      AAPL    $294.87
2026-05-13 12:53:22,549  INFO      TSLA    $433.45
2026-05-13 12:53:22,735  INFO      GOOGL   $387.44
2026-05-13 12:53:22,942  INFO      MSFT    $407.76
2026-05-13 12:54:23,144  INFO      AAPL    $294.87
2026-05-13 12:54:23,396  INFO      TSLA    $433.45
2026-05-13 12:54:23,588  INFO      GOOGL   $387.44
2026-05-13 12:54:23,806  INFO      MSFT    $407.76
2026-05-13 12:55:24,102  INFO      AAPL    $294.87
2026-05-13 12:55:24,321  INFO      TSLA    $433.45
2026-05-13 12:55:24,543  INFO      GOOGL   $387.44
2026-05-13 12:55:24,740  INFO      MSFT    $407.76
2026-05-13 12:56:24,978  INFO      AAPL    $294.87
2026-05-13 12:56:25,194  INFO      TSLA    $433.45
2026-05-13 12:56:25,401  INFO      GOOGL   $387.44
2026-05-13 12:56:25,617  INFO      MSFT    $407.76
2026-05-13 12:57:25,826  INFO      AAPL    $294.87
2026-05-13 12:57:26,013  INFO      TSLA    $433.45
2026-05-13 12:57:26,266  INFO      GOOGL   $387.44
2026-05-13 12:57:26,447  INFO      MSFT    $407.76
2026-05-13 12:58:26,651  INFO      AAPL    $294.87
2026-05-13 12:58:26,855  INFO      TSLA    $433.45
2026-05-13 12:58:27,056  INFO      GOOGL   $387.44
2026-05-13 12:58:27,236  INFO      MSFT    $407.76
2026-05-13 12:59:27,633  INFO      AAPL    $294.87
2026-05-13 12:59:27,818  INFO      TSLA    $433.45
2026-05-13 12:59:28,053  INFO      GOOGL   $387.44
2026-05-13 12:59:28,243  INFO      MSFT    $407.76
2026-05-13 13:00:28,513  INFO      AAPL    $294.87
2026-05-13 13:00:28,707  INFO      TSLA    $433.45
2026-05-13 13:00:28,900  INFO      GOOGL   $387.44
2026-05-13 13:00:29,152  INFO      MSFT    $407.76
2026-05-13 13:01:29,459  INFO      AAPL    $294.87
2026-05-13 13:01:29,626  INFO      TSLA    $433.45
2026-05-13 13:01:29,815  INFO      GOOGL   $387.44
2026-05-13 13:01:30,239  INFO      MSFT    $407.76
2026-05-13 13:02:30,450  INFO      AAPL    $294.87
2026-05-13 13:02:30,650  INFO      TSLA    $433.45
2026-05-13 13:02:30,833  INFO      GOOGL   $387.44
2026-05-13 13:02:31,191  INFO      MSFT    $407.76
2026-05-13 13:03:31,397  INFO      AAPL    $294.87
2026-05-13 13:03:31,663  INFO      TSLA    $433.45
2026-05-13 13:03:31,859  INFO      GOOGL   $387.44
2026-05-13 13:03:32,063  INFO      MSFT    $407.76
2026-05-13 13:04:32,249  INFO      AAPL    $294.87
2026-05-13 13:04:32,445  INFO      TSLA    $433.45
2026-05-13 13:04:32,628  INFO      GOOGL   $387.44
2026-05-13 13:04:32,825  INFO      MSFT    $407.76
2026-05-13 13:05:33,053  INFO      AAPL    $294.87
2026-05-13 13:05:33,255  INFO      TSLA    $433.45
2026-05-13 13:05:33,467  INFO      GOOGL   $387.44
2026-05-13 13:05:33,667  INFO      MSFT    $407.76
2026-05-13 13:06:33,860  INFO      AAPL    $294.87
2026-05-13 13:06:34,061  INFO      TSLA    $433.45
2026-05-13 13:06:34,351  INFO      GOOGL   $387.44
2026-05-13 13:06:34,646  INFO      MSFT    $407.76
2026-05-13 13:07:35,052  INFO      AAPL    $294.87
2026-05-13 13:07:35,244  INFO      TSLA    $433.45
2026-05-13 13:07:35,508  INFO      GOOGL   $387.44
2026-05-13 13:07:35,700  INFO      MSFT    $407.76
2026-05-13 13:08:36,026  INFO      AAPL    $294.87
2026-05-13 13:08:36,396  INFO      TSLA    $433.45
2026-05-13 13:08:36,576  INFO      GOOGL   $387.44
2026-05-13 13:08:36,754  INFO      MSFT    $407.76
2026-05-13 13:09:37,063  INFO      AAPL    $294.87
2026-05-13 13:09:37,269  INFO      TSLA    $433.45
2026-05-13 13:09:37,617  INFO      GOOGL   $387.44
2026-05-13 13:09:37,825  INFO      MSFT    $407.76
